npm warn Unknown env config "http-proxy". This will stop working in the next major version of npm.

> aionos-console@0.1.0 build
> next build

Attention: Next.js now collects completely anonymous telemetry regarding usage.
This information is used to shape Next.js' roadmap and prioritize features.
You can learn more, including how to opt-out if you'd not like to participate in this anonymous program, by visiting the following URL:
https://nextjs.org/telemetry

  ▲ Next.js 14.2.4

   Creating an optimized production build ...
[baseline-browser-mapping] The data in this module is over two months old.  To ensure accurate Baseline data, please update: `npm i baseline-browser-mapping@latest -D`
 ✓ Compiled successfully
   Linting and checking validity of types ...
Failed to compile.

./scripts/bootstrap-admin.ts:2:24
Type error: Module '"@prisma/client"' has no exported member 'Role'.

[0m [90m 1 |[39m [36mimport[39m bcrypt [36mfrom[39m [32m'bcrypt'[39m[33m;[39m[0m
[0m[31m[1m>[22m[39m[90m 2 |[39m [36mimport[39m { [33mPrismaClient[39m[33m,[39m [33mRole[39m } [36mfrom[39m [32m'@prisma/client'[39m[33m;[39m[0m
[0m [90m   |[39m                        [31m[1m^[22m[39m[0m
[0m [90m 3 |[39m[0m
[0m [90m 4 |[39m [36mconst[39m prisma [33m=[39m [36mnew[39m [33mPrismaClient[39m({ log[33m:[39m [[32m'warn'[39m[33m,[39m [32m'error'[39m] })[33m;[39m[0m
[0m [90m 5 |[39m[0m
