F401 [*] `typing.Any` imported but unused
 --> aion/control/catalog_api.py:5:20
  |
3 | import logging
4 | import pathlib
5 | from typing import Any, Dict, Iterable, Optional
  |                    ^^^
6 |
7 | import yaml
  |
help: Remove unused import: `typing.Any`

F401 [*] `yaml` imported but unused
 --> aion/control/catalog_api.py:7:8
  |
5 | from typing import Any, Dict, Iterable, Optional
6 |
7 | import yaml
  |        ^^^^
8 | from fastapi import Depends, FastAPI, Header, HTTPException, status
9 | from sqlalchemy import Boolean, Column, DateTime, ForeignKey, Integer, MetaData, String, Table, create_engine, func, or_, select
  |
help: Remove unused import: `yaml`

F841 Local variable `catalog_cfg` is assigned to but never used
  --> aion/worker/catalog_sync.py:96:5
   |
94 | def load_config() -> Dict[str, Dict[str, str]]:
95 |     cfg = load_scope(str(CONFIG_PATH))
96 |     catalog_cfg = cfg.get("catalog", {})
   |     ^^^^^^^^^^^
97 |     return cfg
   |
help: Remove assignment to unused variable `catalog_cfg`

F403 `from os.control.aion_control import *` used; unable to detect undefined names
 --> aion_control/__init__.py:6:1
  |
5 | import os.control.aion_control as _impl
6 | from os.control.aion_control import *  # type: ignore[F401,F403]
  | ^^^^^^^^^^^^^^^^^^^^^^^^^^^^^^^^^^^^^^^
7 |
8 | __all__ = getattr(_impl, "__all__", [])
  |

F401 [*] `typing.Iterable` imported but unused
 --> app/shared/profiles.py:7:26
  |
5 | import re
6 | from pathlib import Path
7 | from typing import Dict, Iterable, Mapping, MutableMapping
  |                          ^^^^^^^^
8 |
9 | import yaml
  |
help: Remove unused import: `typing.Iterable`

F401 [*] `pyspark.sql.types.DoubleType` imported but unused
 --> bigdata/pipelines/streaming/task_latency_monitor.py:4:68
  |
2 | from pyspark.sql import SparkSession
3 | from pyspark.sql.functions import from_json, col, window, avg
4 | from pyspark.sql.types import StructType, StructField, StringType, DoubleType
  |                                                                    ^^^^^^^^^^
5 |
6 | LIFECYCLE_SCHEMA = StructType([
  |
help: Remove unused import: `pyspark.sql.types.DoubleType`

E402 Module level import not at top of file
 --> control/tests/test_model_registry.py:8:1
  |
6 |     sys.path.insert(0, str(PROJECT_ROOT))
7 |
8 | import pytest
  | ^^^^^^^^^^^^^
9 | import yaml
  |

E402 Module level import not at top of file
  --> control/tests/test_model_registry.py:9:1
   |
 8 | import pytest
 9 | import yaml
   | ^^^^^^^^^^^
10 |
11 | from os.control.models import ModelRegistry, PrivacyLevel
   |

E402 Module level import not at top of file
  --> control/tests/test_model_registry.py:11:1
   |
 9 | import yaml
10 |
11 | from os.control.models import ModelRegistry, PrivacyLevel
   | ^^^^^^^^^^^^^^^^^^^^^^^^^^^^^^^^^^^^^^^^^^^^^^^^^^^^^^^^^
   |

F401 [*] `os` imported but unused
 --> kernel-multitenant/registry/indexer.py:2:8
  |
1 | import json
2 | import os
  |        ^^
3 | from pathlib import Path
4 | from typing import List
  |
help: Remove unused import: `os`

F403 `from os.control.os.http import *` used; unable to detect undefined names
 --> os/control/http.py:1:1
  |
1 | from os.control.os.http import *  # type: ignore[F403]
  | ^^^^^^^^^^^^^^^^^^^^^^^^^^^^^^^^
2 | from os.control.os.http import __all__ as __all__  # type: ignore[F401]
  |

E712 Avoid equality comparisons to `False`; use `not _descriptor._USE_C_DESCRIPTORS:` for false checks
  --> os/control/os/aion_grpc/aion/v1/tasks_pb2.py:22:4
   |
20 | _builder.BuildMessageAndEnumDescriptors(DESCRIPTOR, _globals)
21 | _builder.BuildTopDescriptorsAndMessages(DESCRIPTOR, 'aion.v1.tasks_pb2', _globals)
22 | if _descriptor._USE_C_DESCRIPTORS == False:
   |    ^^^^^^^^^^^^^^^^^^^^^^^^^^^^^^^^^^^^^^^
23 |   _globals['DESCRIPTOR']._options = None
24 |   _globals['DESCRIPTOR']._serialized_options = b'\n\023com.aion.proto.v1P\001Z\"github.com/aion/proto/go/aion/v1\252\002\rAion.Pro…
   |
help: Replace with `not _descriptor._USE_C_DESCRIPTORS`

F401 [*] `fastapi.Path` imported but unused
  --> os/control/os/api/auth_admin.py:9:56
   |
 8 | import asyncpg
 9 | from fastapi import APIRouter, Depends, HTTPException, Path, status
   |                                                        ^^^^
10 |
11 | from .security import admin_required
   |
help: Remove unused import: `fastapi.Path`

F401 [*] `fastapi.HTTPException` imported but unused
  --> os/control/os/api/backup.py:11:41
   |
 9 | from typing import Any
10 |
11 | from fastapi import APIRouter, Depends, HTTPException, status
   |                                         ^^^^^^^^^^^^^
12 |
13 | from .security import admin_required, admin_or_devops_required
   |
help: Remove unused import

F401 [*] `fastapi.status` imported but unused
  --> os/control/os/api/backup.py:11:56
   |
 9 | from typing import Any
10 |
11 | from fastapi import APIRouter, Depends, HTTPException, status
   |                                                        ^^^^^^
12 |
13 | from .security import admin_required, admin_or_devops_required
   |
help: Remove unused import

F401 [*] `io` imported but unused
 --> os/control/os/api/files.py:6:8
  |
4 | import csv
5 | from datetime import datetime
6 | import io
  |        ^^
7 | import json
8 | import os
  |
help: Remove unused import: `io`

F401 [*] `typing.Iterable` imported but unused
  --> os/control/os/api/files.py:11:25
   |
 9 | from pathlib import Path
10 | import shutil
11 | from typing import Any, Iterable
   |                         ^^^^^^^^
12 |
13 | from fastapi import APIRouter, Depends, HTTPException, Query, status
   |
help: Remove unused import: `typing.Iterable`

F401 [*] `shutil` imported but unused
 --> os/control/os/api/models.py:7:8
  |
5 | import os
6 | from pathlib import Path
7 | import shutil
  |        ^^^^^^
8 | from typing import Any
  |
help: Remove unused import: `shutil`

F401 [*] `json` imported but unused
 --> os/control/os/policy.py:1:8
  |
1 | import json
  |        ^^^^
2 | from pathlib import Path
3 | from typing import Any, Dict
  |
help: Remove unused import: `json`

F401 [*] `typing.Any` imported but unused
 --> os/control/os/router_engine.py:1:20
  |
1 | from typing import Any, Dict
  |                    ^^^
2 | import random
3 | from os.control.os.config import get_settings
  |
help: Remove unused import

F401 [*] `typing.Dict` imported but unused
 --> os/control/os/router_engine.py:1:25
  |
1 | from typing import Any, Dict
  |                         ^^^^
2 | import random
3 | from os.control.os.config import get_settings
  |
help: Remove unused import

E401 [*] Multiple imports on one line
 --> os/control/os/routes/admin_onboarding.py:3:1
  |
1 | from fastapi import APIRouter, HTTPException
2 | from pydantic import BaseModel
3 | import yaml, os, secrets, subprocess
  | ^^^^^^^^^^^^^^^^^^^^^^^^^^^^^^^^^^^^
4 |
5 | from os.control.os.config_paths import resolve_config_path
  |
help: Split imports

F401 [*] `subprocess` imported but unused
 --> os/control/os/routes/admin_onboarding.py:3:27
  |
1 | from fastapi import APIRouter, HTTPException
2 | from pydantic import BaseModel
3 | import yaml, os, secrets, subprocess
  |                           ^^^^^^^^^^
4 |
5 | from os.control.os.config_paths import resolve_config_path
  |
help: Remove unused import: `subprocess`

F811 Redefinition of unused `status` from line 11
  --> os/control/os/routes/config.py:78:11
   |
77 | @router.get("/status")
78 | async def status() -> Dict[str, Any]:
   |           ^^^^^^ `status` redefined here
79 |     async with _LOCK:
80 |         return {
   |
  ::: os/control/os/routes/config.py:11:56
   |
 9 | from typing import Any, Dict
10 |
11 | from fastapi import APIRouter, HTTPException, Request, status
   |                                                        ------ previous definition of `status` here
12 |
13 | from os.control.aion_profiles import get_profile
   |
help: Remove definition: `status`

F401 [*] `os` imported but unused
 --> os/control/os/routes/ingest_excel.py:6:8
  |
4 | import io
5 | import json
6 | import os
  |        ^^
7 | from contextlib import closing
8 | from typing import Any, Dict, List, Literal
  |
help: Remove unused import: `os`

F401 [*] `typing.Optional` imported but unused
 --> os/control/os/schemas/webhook.py:5:26
  |
4 | from datetime import datetime
5 | from typing import Dict, Optional
  |                          ^^^^^^^^
6 |
7 | from pydantic import BaseModel
  |
help: Remove unused import: `typing.Optional`

E402 Module level import not at top of file
  --> scripts/train_eval.py:26:1
   |
24 |     sys.path.insert(0, str(PROJECT_ROOT))
25 |
26 | from scripts.metrics import compute_classification_metrics, compute_regression_metrics, psi
   | ^^^^^^^^^^^^^^^^^^^^^^^^^^^^^^^^^^^^^^^^^^^^^^^^^^^^^^^^^^^^^^^^^^^^^^^^^^^^^^^^^^^^^^^^^^^
27 | from scripts.utils.data import DatasetMeta, load_data, make_splits
28 | from scripts.utils.features import make_preprocessor
   |

E402 Module level import not at top of file
  --> scripts/train_eval.py:27:1
   |
26 | from scripts.metrics import compute_classification_metrics, compute_regression_metrics, psi
27 | from scripts.utils.data import DatasetMeta, load_data, make_splits
   | ^^^^^^^^^^^^^^^^^^^^^^^^^^^^^^^^^^^^^^^^^^^^^^^^^^^^^^^^^^^^^^^^^^
28 | from scripts.utils.features import make_preprocessor
29 | from scripts.utils.models import build_model, collect_early_stopping_params
   |

E402 Module level import not at top of file
  --> scripts/train_eval.py:28:1
   |
26 | from scripts.metrics import compute_classification_metrics, compute_regression_metrics, psi
27 | from scripts.utils.data import DatasetMeta, load_data, make_splits
28 | from scripts.utils.features import make_preprocessor
   | ^^^^^^^^^^^^^^^^^^^^^^^^^^^^^^^^^^^^^^^^^^^^^^^^^^^^
29 | from scripts.utils.models import build_model, collect_early_stopping_params
   |

E402 Module level import not at top of file
  --> scripts/train_eval.py:29:1
   |
27 | from scripts.utils.data import DatasetMeta, load_data, make_splits
28 | from scripts.utils.features import make_preprocessor
29 | from scripts.utils.models import build_model, collect_early_stopping_params
   | ^^^^^^^^^^^^^^^^^^^^^^^^^^^^^^^^^^^^^^^^^^^^^^^^^^^^^^^^^^^^^^^^^^^^^^^^^^^
30 |
31 | _sklearn_spec = importlib.util.find_spec("sklearn")
   |

F841 Local variable `groups_test` is assigned to but never used
   --> scripts/utils/data.py:183:9
    |
181 |     else:
182 |         groups_trainval = None
183 |         groups_test = None
    |         ^^^^^^^^^^^
184 |
185 |     relative_val = val_size / (1.0 - test_size)
    |
help: Remove assignment to unused variable `groups_test`

E402 Module level import not at top of file
 --> tests/test_policy_state.py:9:1
  |
7 | if str(ROOT) not in sys.path:
8 |     sys.path.insert(0, str(ROOT))
9 | from os.control.os.core.state import ControlState
  | ^^^^^^^^^^^^^^^^^^^^^^^^^^^^^^^^^^^^^^^^^^^^^^^^^
  |

F401 [*] `typing.Sequence` imported but unused
  --> tools/sanitize_ascii.py:15:36
   |
14 | import pathlib
15 | from typing import Iterable, List, Sequence, Set
   |                                    ^^^^^^^^
16 |
17 | # Keep these in sync with sanitize_ascii.py
   |
help: Remove unused import: `typing.Sequence`

Found 33 errors.
[*] 19 fixable with the `--fix` option (3 hidden fixes can be enabled with the `--unsafe-fixes` option).
